
======================================================================
BTST STRATEGY TEST SUITE
======================================================================

============================================================
TEST 1: Bollinger Bands Calculation
============================================================
python : C:\Users\ronad\OneDrive\Desktop
\TradingStrategies\btst-strategy\test_st
rategy.py:14: FutureWarning: 'H' is 
deprecated and will be removed in a 
future version, please use 'h' instead.
At line:1 char:1
+ python test_strategy.py 2>&1 | 
Out-File -FilePath test_output.txt -En 
...
+ ~~~~~~~~~~~~~~~~~~~~~~~~~~~~
    + CategoryInfo          : NotSpecif 
   ied: (C:\Users\ronad\...se 'h' inst  
  ead.:String) [], RemoteException
    + FullyQualifiedErrorId : NativeCom 
   mandError
 
  dates = 
pd.date_range(end=datetime.now(), 
periods=50, freq='1H')
Traceback (most recent call last):
  File "C:\Users\ronad\OneDrive\Desktop\
TradingStrategies\btst-strategy\test_str
ategy.py", line 256, in <module>
    run_all_tests()
    ~~~~~~~~~~~~~^^
  File "C:\Users\ronad\OneDrive\Desktop\
TradingStrategies\btst-strategy\test_str
ategy.py", line 230, in run_all_tests
    results.append(("Bollinger Bands 
Calculation", test_bollinger_bands()))
                                        
           ~~~~~~~~~~~~~~~~~~~~^^
  File "C:\Users\ronad\OneDrive\Desktop\
TradingStrategies\btst-strategy\test_str
ategy.py", line 125, in 
test_bollinger_bands
    print(f"\u2705 Bollinger Bands 
calculated successfully")
    ~~~~~^^^^^^^^^^^^^^^^^^^^^^^^^^^^^^^
^^^^^^^^^^^^^^^^
  File "C:\Users\ronad\AppData\Local\Pro
grams\Python\Python313\Lib\site-packages
\colorama\ansitowin32.py", line 47, in 
write
    self.__convertor.write(text)
    ~~~~~~~~~~~~~~~~~~~~~~^^^^^^
  File "C:\Users\ronad\AppData\Local\Pro
grams\Python\Python313\Lib\site-packages
\colorama\ansitowin32.py", line 177, in 
write
    self.write_and_convert(text)
    ~~~~~~~~~~~~~~~~~~~~~~^^^^^^
  File "C:\Users\ronad\AppData\Local\Pro
grams\Python\Python313\Lib\site-packages
\colorama\ansitowin32.py", line 205, in 
write_and_convert
    self.write_plain_text(text, cursor, 
len(text))
    ~~~~~~~~~~~~~~~~~~~~~^^^^^^^^^^^^^^^
^^^^^^^^^^
  File "C:\Users\ronad\AppData\Local\Pro
grams\Python\Python313\Lib\site-packages
\colorama\ansitowin32.py", line 210, in 
write_plain_text
    self.wrapped.write(text[start:end])
    ~~~~~~~~~~~~~~~~~~^^^^^^^^^^^^^^^^^
  File "C:\Users\ronad\AppData\Local\Pro
grams\Python\Python313\Lib\encodings\cp1
252.py", line 19, in encode
    return codecs.charmap_encode(input,s
elf.errors,encoding_table)[0]
           ~~~~~~~~~~~~~~~~~~~~~^^^^^^^^
^^^^^^^^^^^^^^^^^^^^^^^^^^
UnicodeEncodeError: 'charmap' codec 
can't encode character '\u2705' in 
position 0: character maps to 
<undefined>
